static void __merlin_dummy_SgTemplateClassDeclaration_template_();
static void __merlin_dummy_SgTemplateMemberFunctionDeclaration_return_m_();
static void __merlin_dummy_SgTemplateMemberFunctionDeclaration_template_();

struct ::Array5_char_ 
{
  char m_arr[6];
}
;

char &p_ZN12Array5_char_ixEi(struct Array5_char_ *this_,int i)
{
  return this_ -> m_arr[i];
}
int p_ZN12Array5_char_7getSizeEv(struct Array5_char_ *this_);

int p_ZN12Array5_char_7getSizeEv(struct Array5_char_ *this_)
{
  return 5 + 1;
}
static void __merlin_dummy_SgTemplateInstantiationDecl_template_();
static void __merlin_dummy_SgMemberFunctionDeclaration_int_getSiz_();

struct ::Array5_int_ 
{
  int m_arr[5];
}
;
int &p_ZN11Array5_int_ixIEEi(struct Array5_int_ *this_,int i);
int p_ZN11Array5_int_7getSizeIEEv(struct Array5_int_ *this_);

int p_ZN11Array5_int_7getSizeIEEv(struct Array5_int_ *this_)
{
  return 5;
}
#pragma ACCEL kernel

void k()
{
  struct Array5_int_ ai;
  struct Array5_char_ ac;
  p_ZN11Array5_int_7getSizeIEEv(&ai);
  p_ZN12Array5_char_7getSizeEv(&ac);
}
