
struct ::A 
{
  int x;
}
;

void p_ZN1AC2Ev(struct A *this_)
{
  this_ -> x = 0;
}
static void __merlin_dummy_SgClassDeclaration_struct_A_();

struct ::B 
{
  struct A a;
}
;

void p_ZN1BC2Ev(struct B *this_)
{
  p_ZN1AC2Ev(&this_ -> a);
}
static void __merlin_dummy_SgClassDeclaration_struct_B_();
#pragma ACCEL kernel

int k()
{
  struct B b;
  p_ZN1BC2Ev(&b);
  ;
}
