// This is a corner case.
// Right now just ignore the correctness of the transformation
// in the corresponding .expected file.

struct ::A 
{
  int a[4];
}
;

void p_ZN1AC2Ev(struct A *this_)
{
}
static void __merlin_dummy_SgClassDeclaration_struct_A_();
#pragma ACCEL kernel

int k()
{
  struct A temp;
  p_ZN1AC2Ev(&temp);
  struct A array[6];
{
    int _i0;
    for (_i0 = 0; _i0 <= 5UL; ++_i0) {
      array[_i0] = temp;
    }
  }
}
