
struct ::A 
{
}
;

void p_ZN1AC2ERK1A(struct A *this_,const struct A &)
{
}
static void __merlin_dummy_SgClassDeclaration_struct_A_();

struct B 
{
  int e[12][13];
  struct A a;
}
;
#pragma ACCEL kernel

struct B k(const struct B &b)
{
  struct B temp;
{
    int _i0;
    int _i1;
    for (_i0 = 0; _i0 <= 11UL; ++_i0) {
      for (_i1 = 0; _i1 <= 12UL; ++_i1) {
        temp . e[_i0][_i1] = b . e[_i0][_i1];
      }
    }
  }
  p_ZN1AC2ERK1A(&temp . a,b . a);
  return temp;
}
