// Static member function tests.

struct ::S 
{
}
;
int _ZN1S1iE;

unsigned int p_ZN1S1fEj(unsigned int )
{
  return (unsigned int )23;
}

void p_ZN1S1gEjP1S(unsigned int ,struct S *this_)
{
}

void p_ZN1S1hEj(struct S *this_,unsigned int )
{
}
void p_ZN1S1jEv();

void p_ZN1S3incEv(struct S *this_)
{
  _ZN1S1iE++;
  p_ZN1S1fEj((unsigned int )12);
}

void p_ZN1S1jEv()
{
}
static void __merlin_dummy_SgClassDeclaration_struct_S_();
static void __merlin_dummy_SgMemberFunctionDeclaration_void_j_();
#pragma ACCEL kernel

int main()
{
  struct S s;
  p_ZN1S1jEv();
  p_ZN1S1hEj(&s,32);
  p_ZN1S1gEjP1S(32,&s);
  p_ZN1S1gEjP1S(32,&s);
  struct S *sptr;
  p_ZN1S1fEj(32);
  p_ZN1S1hEj(sptr,32);
  return (p_ZN1S1fEj(32));
}
