
struct ::A 
{
  int a;
}
;

void p_ZN1AC2Ei(struct A *this_,int i)
{
  this_ -> a = i;
}
static void __merlin_dummy_SgClassDeclaration_struct_A_();

struct ::B 
{
  struct A A;
}
;

void p_ZN1BC2Ev(struct B *this_)
{
  p_ZN1AC2Ei(&this_ -> A,0);
}
static void __merlin_dummy_SgClassDeclaration_struct_B_();
#pragma ACCEL kernel

void k()
{
  struct B bo;
  p_ZN1BC2Ev(&bo);
  ;
}
