
struct A 
{
  int x;
}
;

struct ::B 
{
}
;
static void __merlin_dummy_SgClassDeclaration_struct_B_();
struct A a;
struct A *_ZN1B1aE = &a;
static void __merlin_dummy_SgVariableDeclaration_struct_A_();
#pragma ACCEL kernel

void k()
{
  struct B b;
  struct B *pb = &b;
  _ZN1B1aE -> x;
  _ZN1B1aE -> x;
}
