unsigned char p_Z9factorialIhEh(unsigned char n);
unsigned int p_Z9factorialIjEj(unsigned int n);

unsigned int p_Z9factorialIjEj(unsigned int n)
{
  return n > ((unsigned int )0)?n * p_Z9factorialIjEj(n - ((unsigned int )1)) : ((unsigned int )1);
}
static void __merlin_dummy_SgTemplateFunctionDeclaration_template_();
// should be ignored.
static void __merlin_dummy_SgTemplateInstantiationFunctionDecl_unsigned_c_();
template < typename T > void use_result ( T t ) { t; }
#pragma ACCEL kernel

int main()
{
  unsigned int arg = 23;
// implicit instantiation.
  p_Z9factorialIjEj(arg);
}
