
void p_Z3fooPi(int a[100])
{
}
static void __merlin_dummy_SgFunctionDeclaration_void_foo_i_();
